// Jest Snapshot v1, https://goo.gl/fbAQLP

exports[`PageTitle snapshot renders 1`] = `
<div
  className="PageTitle PageTitle--dark"
>
  <h1
    className="PageTitle__title"
  >
    Hello
  </h1>
  <p
    className="PageTitle__subtitle"
  >
    World
  </p>
</div>
`;
